0 verbose cli /usr/bin/node /usr/bin/npm
1 info using npm@12.0.1
2 info using node@v22.23.1
3 silly config load:file:/usr/lib/node_modules/npm/npmrc
4 silly config load:file:/home/bobbi/.local/share/nvim/mason/staging/pyright/.npmrc
5 silly config load:file:/home/bobbi/.npmrc
6 silly config load:file:/etc/npmrc
7 verbose title npm init
8 verbose argv "init" "--yes" "--scope" "mason"
9 verbose logfile logs-max:10 dir:/home/bobbi/.npm/_logs/2026-08-01T05_52_45_972Z-
10 verbose logfile /home/bobbi/.npm/_logs/2026-08-01T05_52_45_972Z-debug-0.log
11 silly logfile start cleaning logs, removing 3 files
12 silly logfile done cleaning log files
13 silly package data {
13 silly package data   name: '@mason/pyright',
13 silly package data   version: '1.0.0',
13 silly package data   description: '',
13 silly package data   main: 'index.js',
13 silly package data   scripts: { test: 'echo "Error: no test specified" && exit 1' },
13 silly package data   keywords: [],
13 silly package data   type: 'commonjs'
13 silly package data }
14 verbose cwd /home/bobbi/.local/share/nvim/mason/staging/pyright
15 verbose os Linux 7.0.13-arch1-1
16 verbose node v22.23.1
17 verbose npm  v12.0.1
18 verbose exit 0
19 info ok
