0 verbose cli /usr/bin/node /usr/bin/npm
1 info using npm@11.10.1
2 info using node@v22.22.0
3 silly config load:file:/usr/lib/node_modules/npm/npmrc
4 silly config load:file:/home/bobbi/personal/portfolio/.npmrc
5 silly config load:file:/home/bobbi/.npmrc
6 silly config load:file:/etc/npmrc
7 verbose title npm run build
8 verbose argv "run" "build"
9 verbose logfile logs-max:10 dir:/home/bobbi/.npm/_logs/2026-02-27T23_17_22_067Z-
10 verbose logfile /home/bobbi/.npm/_logs/2026-02-27T23_17_22_067Z-debug-0.log
11 warn Unknown project config "public-hoist-pattern". This will stop working in the next major version of npm. See `npm help npmrc` for supported config options.
12 silly logfile start cleaning logs, removing 1 files
13 silly logfile done cleaning log files
14 verbose cwd /home/bobbi/personal/portfolio
15 verbose os Linux 6.18.9-arch1-2
16 verbose node v22.22.0
17 verbose npm  v11.10.1
18 verbose exit 0
19 info ok
