0 verbose cli /usr/bin/node /usr/bin/npm
1 info using npm@11.14.1
2 info using node@v22.22.2
3 silly config load:file:/usr/lib/node_modules/npm/npmrc
4 silly config load:file:/home/bobbi/.local/share/nvim/mason/staging/typescript-language-server/.npmrc
5 silly config load:file:/home/bobbi/.npmrc
6 silly config load:file:/etc/npmrc
7 verbose title npm install typescript-language-server@5.3.0 typescript
8 verbose argv "install" "typescript-language-server@5.3.0" "typescript"
9 verbose logfile logs-max:10 dir:/home/bobbi/.npm/_logs/2026-06-02T10_55_14_548Z-
10 verbose logfile /home/bobbi/.npm/_logs/2026-06-02T10_55_14_548Z-debug-0.log
11 silly logfile start cleaning logs, removing 3 files
12 silly packumentCache heap:4345298944 maxSize:1086324736 maxEntrySize:543162368
13 silly logfile done cleaning log files
14 silly idealTree buildDeps
15 silly fetch manifest typescript-language-server@5.3.0
16 silly packumentCache full:https://registry.npmjs.org/typescript-language-server cache-miss
17 http fetch GET 200 https://registry.npmjs.org/typescript-language-server 314ms (cache updated)
18 silly packumentCache full:https://registry.npmjs.org/typescript-language-server set size:undefined disposed:false
19 silly fetch manifest typescript@*
20 silly packumentCache full:https://registry.npmjs.org/typescript cache-miss
21 http fetch GET 200 https://registry.npmjs.org/typescript 306ms (cache updated)
22 silly packumentCache full:https://registry.npmjs.org/typescript set size:undefined disposed:false
23 silly placeDep ROOT typescript@6.0.3 OK for: @mason/typescript-language-server@1.0.0 want: *
24 silly placeDep ROOT typescript-language-server@5.3.0 OK for: @mason/typescript-language-server@1.0.0 want: 5.3.0
25 silly reify moves {}
26 silly audit bulk request { typescript: [ '6.0.3' ], 'typescript-language-server': [ '5.3.0' ] }
27 http cache typescript-language-server@https://registry.npmjs.org/typescript-language-server/-/typescript-language-server-5.3.0.tgz 0ms (cache hit)
28 http cache typescript@https://registry.npmjs.org/typescript/-/typescript-6.0.3.tgz 0ms (cache hit)
29 silly tarball no local data for typescript-language-server@https://registry.npmjs.org/typescript-language-server/-/typescript-language-server-5.3.0.tgz. Extracting by manifest.
30 silly tarball no local data for typescript@https://registry.npmjs.org/typescript/-/typescript-6.0.3.tgz. Extracting by manifest.
31 http fetch POST 200 https://registry.npmjs.org/-/npm/v1/security/advisories/bulk 205ms
32 silly audit report {}
33 http fetch GET 200 https://registry.npmjs.org/typescript-language-server/-/typescript-language-server-5.3.0.tgz 392ms (cache miss)
34 http fetch GET 200 https://registry.npmjs.org/typescript/-/typescript-6.0.3.tgz 1369ms (cache miss)
35 silly ADD node_modules/typescript-language-server
36 silly ADD node_modules/typescript
37 verbose cwd /home/bobbi/.local/share/nvim/mason/staging/typescript-language-server
38 verbose os Linux 7.0.10-arch1-1
39 verbose node v22.22.2
40 verbose npm  v11.14.1
41 verbose exit 0
42 info ok
