0 verbose cli /usr/bin/node /usr/bin/npm
1 info using npm@12.0.2
2 info using node@v22.23.2
3 silly config load:file:/usr/lib/node_modules/npm/npmrc
4 silly config load:file:/home/bobbi/.local/share/nvim/mason/staging/pyright/.npmrc
5 silly config load:file:/home/bobbi/.npmrc
6 silly config load:file:/etc/npmrc
7 verbose title npm init
8 verbose argv "init" "--yes" "--scope" "mason"
9 verbose logfile logs-max:10 dir:/home/bobbi/.npm/_logs/2026-08-20T13_40_07_593Z-
10 verbose logfile /home/bobbi/.npm/_logs/2026-08-20T13_40_07_593Z-debug-0.log
11 silly logfile start cleaning logs, removing 12 files
12 silly package data {
12 silly package data   name: '@mason/pyright',
12 silly package data   version: '1.0.0',
12 silly package data   description: '',
12 silly package data   main: 'index.js',
12 silly package data   scripts: { test: 'echo "Error: no test specified" && exit 1' },
12 silly package data   keywords: [],
12 silly package data   type: 'commonjs'
12 silly package data }
13 verbose cwd /home/bobbi/.local/share/nvim/mason/staging/pyright
14 verbose os Linux 7.0.13-arch1-1
15 verbose node v22.23.2
16 verbose npm  v12.0.2
17 verbose exit 0
18 info ok
