0 verbose cli /usr/bin/node /usr/bin/npm
1 info using npm@11.10.1
2 info using node@v22.22.0
3 silly config load:file:/usr/lib/node_modules/npm/npmrc
4 silly config load:file:/home/bobbi/personal/portfolio/.npmrc
5 silly config load:file:/home/bobbi/.npmrc
6 silly config load:file:/etc/npmrc
7 verbose title npm install
8 verbose argv "install"
9 verbose logfile logs-max:10 dir:/home/bobbi/.npm/_logs/2026-02-27T23_17_22_072Z-
10 verbose logfile /home/bobbi/.npm/_logs/2026-02-27T23_17_22_072Z-debug-0.log
11 warn Unknown project config "public-hoist-pattern". This will stop working in the next major version of npm. See `npm help npmrc` for supported config options.
12 silly logfile start cleaning logs, removing 2 files
13 silly packumentCache heap:4345298944 maxSize:1086324736 maxEntrySize:543162368
14 silly logfile done cleaning log files
15 verbose shrinkwrap failed to load node_modules/.package-lock.json out of date, updated: node_modules
16 silly idealTree buildDeps
17 silly reify moves {}
18 silly audit bulk request {
18 silly audit   '@babel/code-frame': [ '7.29.0' ],
18 silly audit   '@babel/compat-data': [ '7.29.0' ],
18 silly audit   '@babel/core': [ '7.29.0' ],
18 silly audit   '@babel/generator': [ '7.29.1' ],
18 silly audit   '@babel/helper-compilation-targets': [ '7.28.6' ],
18 silly audit   '@babel/helper-globals': [ '7.28.0' ],
18 silly audit   '@babel/helper-module-imports': [ '7.28.6' ],
18 silly audit   '@babel/helper-module-transforms': [ '7.28.6' ],
18 silly audit   '@babel/helper-plugin-utils': [ '7.28.6' ],
18 silly audit   '@babel/helper-string-parser': [ '7.27.1' ],
18 silly audit   '@babel/helper-validator-identifier': [ '7.28.5' ],
18 silly audit   '@babel/helper-validator-option': [ '7.27.1' ],
18 silly audit   '@babel/helpers': [ '7.28.6' ],
18 silly audit   '@babel/parser': [ '7.29.0' ],
18 silly audit   '@babel/plugin-transform-react-jsx-self': [ '7.27.1' ],
18 silly audit   '@babel/plugin-transform-react-jsx-source': [ '7.27.1' ],
18 silly audit   '@babel/template': [ '7.28.6' ],
18 silly audit   '@babel/traverse': [ '7.29.0' ],
18 silly audit   '@babel/types': [ '7.29.0' ],
18 silly audit   '@emnapi/core': [ '1.8.1' ],
18 silly audit   '@emnapi/runtime': [ '1.8.1' ],
18 silly audit   '@emnapi/wasi-threads': [ '1.1.0' ],
18 silly audit   '@esbuild/aix-ppc64': [ '0.27.3' ],
18 silly audit   '@esbuild/android-arm': [ '0.27.3' ],
18 silly audit   '@esbuild/android-arm64': [ '0.27.3' ],
18 silly audit   '@esbuild/android-x64': [ '0.27.3' ],
18 silly audit   '@esbuild/darwin-arm64': [ '0.27.3' ],
18 silly audit   '@esbuild/darwin-x64': [ '0.27.3' ],
18 silly audit   '@esbuild/freebsd-arm64': [ '0.27.3' ],
18 silly audit   '@esbuild/freebsd-x64': [ '0.27.3' ],
18 silly audit   '@esbuild/linux-arm': [ '0.27.3' ],
18 silly audit   '@esbuild/linux-arm64': [ '0.27.3' ],
18 silly audit   '@esbuild/linux-ia32': [ '0.27.3' ],
18 silly audit   '@esbuild/linux-loong64': [ '0.27.3' ],
18 silly audit   '@esbuild/linux-mips64el': [ '0.27.3' ],
18 silly audit   '@esbuild/linux-ppc64': [ '0.27.3' ],
18 silly audit   '@esbuild/linux-riscv64': [ '0.27.3' ],
18 silly audit   '@esbuild/linux-s390x': [ '0.27.3' ],
18 silly audit   '@esbuild/linux-x64': [ '0.27.3' ],
18 silly audit   '@esbuild/netbsd-arm64': [ '0.27.3' ],
18 silly audit   '@esbuild/netbsd-x64': [ '0.27.3' ],
18 silly audit   '@esbuild/openbsd-arm64': [ '0.27.3' ],
18 silly audit   '@esbuild/openbsd-x64': [ '0.27.3' ],
18 silly audit   '@esbuild/openharmony-arm64': [ '0.27.3' ],
18 silly audit   '@esbuild/sunos-x64': [ '0.27.3' ],
18 silly audit   '@esbuild/win32-arm64': [ '0.27.3' ],
18 silly audit   '@esbuild/win32-ia32': [ '0.27.3' ],
18 silly audit   '@esbuild/win32-x64': [ '0.27.3' ],
18 silly audit   '@eslint-community/eslint-utils': [ '4.9.1' ],
18 silly audit   'eslint-visitor-keys': [ '3.4.3', '5.0.1', '4.2.1' ],
18 silly audit   '@eslint-community/regexpp': [ '4.12.2' ],
18 silly audit   '@eslint/config-array': [ '0.21.1' ],
18 silly audit   '@eslint/config-helpers': [ '0.4.2' ],
18 silly audit   '@eslint/core': [ '0.17.0' ],
18 silly audit   '@eslint/eslintrc': [ '3.3.4' ],
18 silly audit   globals: [ '14.0.0', '15.15.0' ],
18 silly audit   '@eslint/js': [ '9.39.3' ],
18 silly audit   '@eslint/object-schema': [ '2.1.7' ],
18 silly audit   '@eslint/plugin-kit': [ '0.4.1' ],
18 silly audit   '@floating-ui/core': [ '1.7.4' ],
18 silly audit   '@floating-ui/dom': [ '1.7.5' ],
18 silly audit   '@floating-ui/react': [ '0.26.28' ],
18 silly audit   '@floating-ui/react-dom': [ '2.1.7' ],
18 silly audit   '@floating-ui/utils': [ '0.2.10' ],
18 silly audit   '@headlessui/react': [ '2.2.9' ],
18 silly audit   '@humanfs/core': [ '0.19.1' ],
18 silly audit   '@humanfs/node': [ '0.16.7' ],
18 silly audit   '@humanwhocodes/module-importer': [ '1.0.1' ],
18 silly audit   '@humanwhocodes/retry': [ '0.4.3' ],
18 silly audit   '@inertiajs/core': [ '2.3.17' ],
18 silly audit   '@inertiajs/react': [ '2.3.17' ],
18 silly audit   '@jridgewell/gen-mapping': [ '0.3.13' ],
18 silly audit   '@jridgewell/remapping': [ '2.3.5' ],
18 silly audit   '@jridgewell/resolve-uri': [ '3.1.2' ],
18 silly audit   '@jridgewell/sourcemap-codec': [ '1.5.5' ],
18 silly audit   '@jridgewell/trace-mapping': [ '0.3.31' ],
18 silly audit   '@laravel/vite-plugin-wayfinder': [ '0.1.7' ],
18 silly audit   '@napi-rs/wasm-runtime': [ '0.2.12' ],
18 silly audit   '@radix-ui/number': [ '1.1.1' ],
18 silly audit   '@radix-ui/primitive': [ '1.1.3' ],
18 silly audit   '@radix-ui/react-arrow': [ '1.1.7' ],
18 silly audit   '@radix-ui/react-primitive': [ '2.1.3', '2.1.4' ],
18 silly audit   '@radix-ui/react-slot': [ '1.2.3', '1.2.4' ],
18 silly audit   '@radix-ui/react-avatar': [ '1.1.11' ],
18 silly audit   '@radix-ui/react-checkbox': [ '1.3.3' ],
18 silly audit   '@radix-ui/react-context': [ '1.1.2', '1.1.3' ],
18 silly audit   '@radix-ui/react-collapsible': [ '1.1.12' ],
18 silly audit   '@radix-ui/react-collection': [ '1.1.7' ],
18 silly audit   '@radix-ui/react-compose-refs': [ '1.1.2' ],
18 silly audit   '@radix-ui/react-dialog': [ '1.1.15' ],
18 silly audit   '@radix-ui/react-direction': [ '1.1.1' ],
18 silly audit   '@radix-ui/react-dismissable-layer': [ '1.1.11' ],
18 silly audit   '@radix-ui/react-dropdown-menu': [ '2.1.16' ],
18 silly audit   '@radix-ui/react-focus-guards': [ '1.1.3' ],
18 silly audit   '@radix-ui/react-focus-scope': [ '1.1.7' ],
18 silly audit   '@radix-ui/react-id': [ '1.1.1' ],
18 silly audit   '@radix-ui/react-label': [ '2.1.8' ],
18 silly audit   '@radix-ui/react-menu': [ '2.1.16' ],
18 silly audit   '@radix-ui/react-navigation-menu': [ '1.2.14' ],
18 silly audit   '@radix-ui/react-popper': [ '1.2.8' ],
18 silly audit   '@radix-ui/react-portal': [ '1.1.9' ],
18 silly audit   '@radix-ui/react-presence': [ '1.1.5' ],
18 silly audit   '@radix-ui/react-roving-focus': [ '1.1.11' ],
18 silly audit   '@radix-ui/react-select': [ '2.2.6' ],
18 silly audit   '@radix-ui/react-separator': [ '1.1.8' ],
18 silly audit   '@radix-ui/react-toggle': [ '1.1.10' ],
18 silly audit   '@radix-ui/react-toggle-group': [ '1.1.11' ],
18 silly audit   '@radix-ui/react-tooltip': [ '1.2.8' ],
18 silly audit   '@radix-ui/react-use-callback-ref': [ '1.1.1' ],
18 silly audit   '@radix-ui/react-use-controllable-state': [ '1.2.2' ],
18 silly audit   '@radix-ui/react-use-effect-event': [ '0.0.2' ],
18 silly audit   '@radix-ui/react-use-escape-keydown': [ '1.1.1' ],
18 silly audit   '@radix-ui/react-use-is-hydrated': [ '0.1.0' ],
18 silly audit   '@radix-ui/react-use-layout-effect': [ '1.1.1' ],
18 silly audit   '@radix-ui/react-use-previous': [ '1.1.1' ],
18 silly audit   '@radix-ui/react-use-rect': [ '1.1.1' ],
18 silly audit   '@radix-ui/react-use-size': [ '1.1.1' ],
18 silly audit   '@radix-ui/react-visually-hidden': [ '1.2.3' ],
18 silly audit   '@radix-ui/rect': [ '1.1.1' ],
18 silly audit   '@react-aria/focus': [ '3.21.4' ],
18 silly audit   '@react-aria/interactions': [ '3.27.0' ],
18 silly audit   '@react-aria/ssr': [ '3.9.10' ],
18 silly audit   '@react-aria/utils': [ '3.33.0' ],
18 silly audit   '@react-stately/flags': [ '3.1.2' ],
18 silly audit   '@react-stately/utils': [ '3.11.0' ],
18 silly audit   '@react-types/shared': [ '3.33.0' ],
18 silly audit   '@rolldown/pluginutils': [ '1.0.0-rc.3' ],
18 silly audit   '@rollup/rollup-android-arm-eabi': [ '4.59.0' ],
18 silly audit   '@rollup/rollup-android-arm64': [ '4.59.0' ],
18 silly audit   '@rollup/rollup-darwin-arm64': [ '4.59.0' ],
18 silly audit   '@rollup/rollup-darwin-x64': [ '4.59.0' ],
18 silly audit   '@rollup/rollup-freebsd-arm64': [ '4.59.0' ],
18 silly audit   '@rollup/rollup-freebsd-x64': [ '4.59.0' ],
18 silly audit   '@rollup/rollup-linux-arm-gnueabihf': [ '4.59.0' ],
18 silly audit   '@rollup/rollup-linux-arm-musleabihf': [ '4.59.0' ],
18 silly audit   '@rollup/rollup-linux-arm64-gnu': [ '4.59.0' ],
18 silly audit   '@rollup/rollup-linux-arm64-musl': [ '4.59.0' ],
18 silly audit   '@rollup/rollup-linux-loong64-gnu': [ '4.59.0' ],
18 silly audit   '@rollup/rollup-linux-loong64-musl': [ '4.59.0' ],
18 silly audit   '@rollup/rollup-linux-ppc64-gnu': [ '4.59.0' ],
18 silly audit   '@rollup/rollup-linux-ppc64-musl': [ '4.59.0' ],
18 silly audit   '@rollup/rollup-linux-riscv64-gnu': [ '4.59.0' ],
18 silly audit   '@rollup/rollup-linux-riscv64-musl': [ '4.59.0' ],
18 silly audit   '@rollup/rollup-linux-s390x-gnu': [ '4.59.0' ],
18 silly audit   '@rollup/rollup-linux-x64-gnu': [ '4.9.5', '4.59.0' ],
18 silly audit   '@rollup/rollup-linux-x64-musl': [ '4.59.0' ],
18 silly audit   '@rollup/rollup-openbsd-x64': [ '4.59.0' ],
18 silly audit   '@rollup/rollup-openharmony-arm64': [ '4.59.0' ],
18 silly audit   '@rollup/rollup-win32-arm64-msvc': [ '4.59.0' ],
18 silly audit   '@rollup/rollup-win32-ia32-msvc': [ '4.59.0' ],
18 silly audit   '@rollup/rollup-win32-x64-gnu': [ '4.59.0' ],
18 silly audit   '@rollup/rollup-win32-x64-msvc': [ '4.9.5', '4.59.0' ],
18 silly audit   '@rtsao/scc': [ '1.1.0' ],
18 silly audit   '@swc/helpers': [ '0.5.19' ],
18 silly audit   '@tailwindcss/node': [ '4.2.1' ],
18 silly audit   '@tailwindcss/oxide': [ '4.2.1' ],
18 silly audit   '@tailwindcss/oxide-android-arm64': [ '4.2.1' ],
18 silly audit   '@tailwindcss/oxide-darwin-arm64': [ '4.2.1' ],
18 silly audit   '@tailwindcss/oxide-darwin-x64': [ '4.2.1' ],
18 silly audit   '@tailwindcss/oxide-freebsd-x64': [ '4.2.1' ],
18 silly audit   '@tailwindcss/oxide-linux-arm-gnueabihf': [ '4.2.1' ],
18 silly audit   '@tailwindcss/oxide-linux-arm64-gnu': [ '4.2.1' ],
18 silly audit   '@tailwindcss/oxide-linux-arm64-musl': [ '4.2.1' ],
18 silly audit   '@tailwindcss/oxide-linux-x64-gnu': [ '4.2.1' ],
18 silly audit   '@tailwindcss/oxide-linux-x64-musl': [ '4.2.1' ],
18 silly audit   '@tailwindcss/oxide-wasm32-wasi': [ '4.2.1' ],
18 silly audit   '@tailwindcss/oxide-win32-arm64-msvc': [ '4.2.1' ],
18 silly audit   '@tailwindcss/oxide-win32-x64-msvc': [ '4.2.1' ],
18 silly audit   '@tailwindcss/vite': [ '4.2.1' ],
18 silly audit   '@tanstack/react-virtual': [ '3.13.19' ],
18 silly audit   '@tanstack/virtual-core': [ '3.13.19' ],
18 silly audit   '@tybys/wasm-util': [ '0.10.1' ],
18 silly audit   '@types/babel__core': [ '7.20.5' ],
18 silly audit   '@types/babel__generator': [ '7.27.0' ],
18 silly audit   '@types/babel__template': [ '7.4.4' ],
18 silly audit   '@types/babel__traverse': [ '7.28.0' ],
18 silly audit   '@types/estree': [ '1.0.8' ],
18 silly audit   '@types/json-schema': [ '7.0.15' ],
18 silly audit   '@types/json5': [ '0.0.29' ],
18 silly audit   '@types/lodash': [ '4.17.24' ],
18 silly audit   '@types/lodash-es': [ '4.17.12' ],
18 silly audit   '@types/node': [ '22.19.13' ],
18 silly audit   '@types/react': [ '19.2.14' ],
18 silly audit   '@types/react-dom': [ '19.2.3' ],
18 silly audit   '@typescript-eslint/eslint-plugin': [ '8.56.1' ],
18 silly audit   ignore: [ '7.0.5', '5.3.2' ],
18 silly audit   '@typescript-eslint/parser': [ '8.56.1' ],
18 silly audit   '@typescript-eslint/project-service': [ '8.56.1' ],
18 silly audit   '@typescript-eslint/scope-manager': [ '8.56.1' ],
18 silly audit   '@typescript-eslint/tsconfig-utils': [ '8.56.1' ],
18 silly audit   '@typescript-eslint/type-utils': [ '8.56.1' ],
18 silly audit   '@typescript-eslint/types': [ '8.56.1' ],
18 silly audit   '@typescript-eslint/typescript-estree': [ '8.56.1' ],
18 silly audit   'balanced-match': [ '4.0.4', '1.0.2' ],
18 silly audit   'brace-expansion': [ '5.0.4', '1.1.12' ],
18 silly audit   minimatch: [ '10.2.4', '3.1.5' ],
18 silly audit   semver: [ '7.7.4', '6.3.1' ],
18 silly audit   '@typescript-eslint/utils': [ '8.56.1' ],
18 silly audit   '@typescript-eslint/visitor-keys': [ '8.56.1' ],
18 silly audit   '@unrs/resolver-binding-android-arm-eabi': [ '1.11.1' ],
18 silly audit   '@unrs/resolver-binding-android-arm64': [ '1.11.1' ],
18 silly audit   '@unrs/resolver-binding-darwin-arm64': [ '1.11.1' ],
18 silly audit   '@unrs/resolver-binding-darwin-x64': [ '1.11.1' ],
18 silly audit   '@unrs/resolver-binding-freebsd-x64': [ '1.11.1' ],
18 silly audit   '@unrs/resolver-binding-linux-arm-gnueabihf': [ '1.11.1' ],
18 silly audit   '@unrs/resolver-binding-linux-arm-musleabihf': [ '1.11.1' ],
18 silly audit   '@unrs/resolver-binding-linux-arm64-gnu': [ '1.11.1' ],
18 silly audit   '@unrs/resolver-binding-linux-arm64-musl': [ '1.11.1' ],
18 silly audit   '@unrs/resolver-binding-linux-ppc64-gnu': [ '1.11.1' ],
18 silly audit   '@unrs/resolver-binding-linux-riscv64-gnu': [ '1.11.1' ],
18 silly audit   '@unrs/resolver-binding-linux-riscv64-musl': [ '1.11.1' ],
18 silly audit   '@unrs/resolver-binding-linux-s390x-gnu': [ '1.11.1' ],
18 silly audit   '@unrs/resolver-binding-linux-x64-gnu': [ '1.11.1' ],
18 silly audit   '@unrs/resolver-binding-linux-x64-musl': [ '1.11.1' ],
18 silly audit   '@unrs/resolver-binding-wasm32-wasi': [ '1.11.1' ],
18 silly audit   '@unrs/resolver-binding-win32-arm64-msvc': [ '1.11.1' ],
18 silly audit   '@unrs/resolver-binding-win32-ia32-msvc': [ '1.11.1' ],
18 silly audit   '@unrs/resolver-binding-win32-x64-msvc': [ '1.11.1' ],
18 silly audit   '@vitejs/plugin-react': [ '5.1.4' ],
18 silly audit   acorn: [ '8.16.0' ],
18 silly audit   'acorn-jsx': [ '5.3.2' ],
18 silly audit   ajv: [ '6.14.0' ],
18 silly audit   'ansi-regex': [ '5.0.1' ],
18 silly audit   'ansi-styles': [ '4.3.0' ],
18 silly audit   argparse: [ '2.0.1' ],
18 silly audit   'aria-hidden': [ '1.2.6' ],
18 silly audit   'array-buffer-byte-length': [ '1.0.2' ],
18 silly audit   'array-includes': [ '3.1.9' ],
18 silly audit   'array.prototype.findlast': [ '1.2.5' ],
18 silly audit   'array.prototype.findlastindex': [ '1.2.6' ],
18 silly audit   'array.prototype.flat': [ '1.3.3' ],
18 silly audit   'array.prototype.flatmap': [ '1.3.3' ],
18 silly audit   'array.prototype.tosorted': [ '1.1.4' ],
18 silly audit   'arraybuffer.prototype.slice': [ '1.0.4' ],
18 silly audit   'async-function': [ '1.0.0' ],
18 silly audit   asynckit: [ '0.4.0' ],
18 silly audit   'available-typed-arrays': [ '1.0.7' ],
18 silly audit   axios: [ '1.13.6' ],
18 silly audit   'babel-plugin-react-compiler': [ '1.0.0' ],
18 silly audit   'baseline-browser-mapping': [ '2.10.0' ],
18 silly audit   browserslist: [ '4.28.1' ],
18 silly audit   'call-bind': [ '1.0.8' ],
18 silly audit   'call-bind-apply-helpers': [ '1.0.2' ],
18 silly audit   'call-bound': [ '1.0.4' ],
18 silly audit   callsites: [ '3.1.0' ],
18 silly audit   'caniuse-lite': [ '1.0.30001774' ],
18 silly audit   chalk: [ '4.1.2' ],
18 silly audit   'supports-color': [ '7.2.0', '8.1.1' ],
18 silly audit   'class-variance-authority': [ '0.7.1' ],
18 silly audit   cliui: [ '8.0.1' ],
18 silly audit   clsx: [ '2.1.1' ],
18 silly audit   'color-convert': [ '2.0.1' ],
18 silly audit   'color-name': [ '1.1.4' ],
18 silly audit   'combined-stream': [ '1.0.8' ],
18 silly audit   'concat-map': [ '0.0.1' ],
18 silly audit   concurrently: [ '9.2.1' ],
18 silly audit   'convert-source-map': [ '2.0.0' ],
18 silly audit   'cross-spawn': [ '7.0.6' ],
18 silly audit   csstype: [ '3.2.3' ],
18 silly audit   'data-view-buffer': [ '1.0.2' ],
18 silly audit   'data-view-byte-length': [ '1.0.2' ],
18 silly audit   'data-view-byte-offset': [ '1.0.1' ],
18 silly audit   debug: [ '4.4.3', '3.2.7' ],
18 silly audit   'deep-is': [ '0.1.4' ],
18 silly audit   'define-data-property': [ '1.1.4' ],
18 silly audit   'define-properties': [ '1.2.1' ],
18 silly audit   'delayed-stream': [ '1.0.0' ],
18 silly audit   'detect-libc': [ '2.1.2' ],
18 silly audit   'detect-node-es': [ '1.1.0' ],
18 silly audit   doctrine: [ '2.1.0' ],
18 silly audit   'dunder-proto': [ '1.0.1' ],
18 silly audit   'electron-to-chromium': [ '1.5.302' ],
18 silly audit   'emoji-regex': [ '8.0.0' ],
18 silly audit   'enhanced-resolve': [ '5.19.0' ],
18 silly audit   'es-abstract': [ '1.24.1' ],
18 silly audit   'es-define-property': [ '1.0.1' ],
18 silly audit   'es-errors': [ '1.3.0' ],
18 silly audit   'es-iterator-helpers': [ '1.2.2' ],
18 silly audit   'es-object-atoms': [ '1.1.1' ],
18 silly audit   'es-set-tostringtag': [ '2.1.0' ],
18 silly audit   'es-shim-unscopables': [ '1.1.0' ],
18 silly audit   'es-to-primitive': [ '1.3.0' ],
18 silly audit   esbuild: [ '0.27.3' ],
18 silly audit   escalade: [ '3.2.0' ],
18 silly audit   'escape-string-regexp': [ '4.0.0' ],
18 silly audit   eslint: [ '9.39.3' ],
18 silly audit   'eslint-config-prettier': [ '10.1.8' ],
18 silly audit   'eslint-import-context': [ '0.1.9' ],
18 silly audit   'eslint-import-resolver-node': [ '0.3.9' ],
18 silly audit   'eslint-import-resolver-typescript': [ '4.4.4' ],
18 silly audit   'eslint-module-utils': [ '2.12.1' ],
18 silly audit   'eslint-plugin-import': [ '2.32.0' ],
18 silly audit   'eslint-plugin-react': [ '7.37.5' ],
18 silly audit   'eslint-plugin-react-hooks': [ '7.0.1' ],
18 silly audit   resolve: [ '2.0.0-next.6', '1.22.11' ],
18 silly audit   'eslint-scope': [ '8.4.0' ],
18 silly audit   espree: [ '10.4.0' ],
18 silly audit   esquery: [ '1.7.0' ],
18 silly audit   esrecurse: [ '4.3.0' ],
18 silly audit   estraverse: [ '5.3.0' ],
18 silly audit   esutils: [ '2.0.3' ],
18 silly audit   'fast-deep-equal': [ '3.1.3' ],
18 silly audit   'fast-json-stable-stringify': [ '2.1.0' ],
18 silly audit   'fast-levenshtein': [ '2.0.6' ],
18 silly audit   fdir: [ '6.5.0' ],
18 silly audit   'file-entry-cache': [ '8.0.0' ],
18 silly audit   'find-up': [ '5.0.0' ],
18 silly audit   'flat-cache': [ '4.0.1' ],
18 silly audit   flatted: [ '3.3.3' ],
18 silly audit   'follow-redirects': [ '1.15.11' ],
18 silly audit   'for-each': [ '0.3.5' ],
18 silly audit   'form-data': [ '4.0.5' ],
18 silly audit   fsevents: [ '2.3.3' ],
18 silly audit   'function-bind': [ '1.1.2' ],
18 silly audit   'function.prototype.name': [ '1.1.8' ],
18 silly audit   'functions-have-names': [ '1.2.3' ],
18 silly audit   'generator-function': [ '2.0.1' ],
18 silly audit   gensync: [ '1.0.0-beta.2' ],
18 silly audit   'get-caller-file': [ '2.0.5' ],
18 silly audit   'get-intrinsic': [ '1.3.0' ],
18 silly audit   'get-nonce': [ '1.0.1' ],
18 silly audit   'get-proto': [ '1.0.1' ],
18 silly audit   'get-symbol-description': [ '1.1.0' ],
18 silly audit   'get-tsconfig': [ '4.13.6' ],
18 silly audit   'glob-parent': [ '6.0.2' ],
18 silly audit   globalthis: [ '1.0.4' ],
18 silly audit   gopd: [ '1.2.0' ],
18 silly audit   'graceful-fs': [ '4.2.11' ],
18 silly audit   'has-bigints': [ '1.1.0' ],
18 silly audit   'has-flag': [ '4.0.0' ],
18 silly audit   'has-property-descriptors': [ '1.0.2' ],
18 silly audit   'has-proto': [ '1.2.0' ],
18 silly audit   'has-symbols': [ '1.1.0' ],
18 silly audit   'has-tostringtag': [ '1.0.2' ],
18 silly audit   hasown: [ '2.0.2' ],
18 silly audit   'hermes-estree': [ '0.25.1' ],
18 silly audit   'hermes-parser': [ '0.25.1' ],
18 silly audit   'import-fresh': [ '3.3.1' ],
18 silly audit   imurmurhash: [ '0.1.4' ],
18 silly audit   'input-otp': [ '1.4.2' ],
18 silly audit   'internal-slot': [ '1.1.0' ],
18 silly audit   'is-array-buffer': [ '3.0.5' ],
18 silly audit   'is-async-function': [ '2.1.1' ],
18 silly audit   'is-bigint': [ '1.1.0' ],
18 silly audit   'is-boolean-object': [ '1.2.2' ],
18 silly audit   'is-bun-module': [ '2.0.0' ],
18 silly audit   'is-callable': [ '1.2.7' ],
18 silly audit   'is-core-module': [ '2.16.1' ],
18 silly audit   'is-data-view': [ '1.0.2' ],
18 silly audit   'is-date-object': [ '1.1.0' ],
18 silly audit   'is-extglob': [ '2.1.1' ],
18 silly audit   'is-finalizationregistry': [ '1.1.1' ],
18 silly audit   'is-fullwidth-code-point': [ '3.0.0' ],
18 silly audit   'is-generator-function': [ '1.1.2' ],
18 silly audit   'is-glob': [ '4.0.3' ],
18 silly audit   'is-map': [ '2.0.3' ],
18 silly audit   'is-negative-zero': [ '2.0.3' ],
18 silly audit   'is-number-object': [ '1.1.1' ],
18 silly audit   'is-regex': [ '1.2.1' ],
18 silly audit   'is-set': [ '2.0.3' ],
18 silly audit   'is-shared-array-buffer': [ '1.0.4' ],
18 silly audit   'is-string': [ '1.1.1' ],
18 silly audit   'is-symbol': [ '1.1.1' ],
18 silly audit   'is-typed-array': [ '1.1.15' ],
18 silly audit   'is-weakmap': [ '2.0.2' ],
18 silly audit   'is-weakref': [ '1.1.1' ],
18 silly audit   'is-weakset': [ '2.0.4' ],
18 silly audit   isarray: [ '2.0.5' ],
18 silly audit   isexe: [ '2.0.0' ],
18 silly audit   'iterator.prototype': [ '1.1.5' ],
18 silly audit   jiti: [ '2.6.1' ],
18 silly audit   'js-tokens': [ '4.0.0' ],
18 silly audit   'js-yaml': [ '4.1.1' ],
18 silly audit   jsesc: [ '3.1.0' ],
18 silly audit   'json-buffer': [ '3.0.1' ],
18 silly audit   'json-schema-traverse': [ '0.4.1' ],
18 silly audit   'json-stable-stringify-without-jsonify': [ '1.0.1' ],
18 silly audit   json5: [ '2.2.3', '1.0.2' ],
18 silly audit   'jsx-ast-utils': [ '3.3.5' ],
18 silly audit   keyv: [ '4.5.4' ],
18 silly audit   'laravel-precognition': [ '1.0.2' ],
18 silly audit   'laravel-vite-plugin': [ '2.1.0' ],
18 silly audit   levn: [ '0.4.1' ],
18 silly audit   lightningcss: [ '1.31.1' ],
18 silly audit   'lightningcss-android-arm64': [ '1.31.1' ],
18 silly audit   'lightningcss-darwin-arm64': [ '1.31.1' ],
18 silly audit   'lightningcss-darwin-x64': [ '1.31.1' ],
18 silly audit   'lightningcss-freebsd-x64': [ '1.31.1' ],
18 silly audit   'lightningcss-linux-arm-gnueabihf': [ '1.31.1' ],
18 silly audit   'lightningcss-linux-arm64-gnu': [ '1.31.1' ],
18 silly audit   'lightningcss-linux-arm64-musl': [ '1.31.1' ],
18 silly audit   'lightningcss-linux-x64-gnu': [ '1.31.1' ],
18 silly audit   'lightningcss-linux-x64-musl': [ '1.31.1' ],
18 silly audit   'lightningcss-win32-arm64-msvc': [ '1.31.1' ],
18 silly audit   'lightningcss-win32-x64-msvc': [ '1.31.1' ],
18 silly audit   'locate-path': [ '6.0.0' ],
18 silly audit   'lodash-es': [ '4.17.23' ],
18 silly audit   'lodash.merge': [ '4.6.2' ],
18 silly audit   'loose-envify': [ '1.4.0' ],
18 silly audit   'lru-cache': [ '5.1.1' ],
18 silly audit   'lucide-react': [ '0.475.0' ],
18 silly audit   'magic-string': [ '0.30.21' ],
18 silly audit   'math-intrinsics': [ '1.1.0' ],
18 silly audit   'mime-db': [ '1.52.0' ],
18 silly audit   'mime-types': [ '2.1.35' ],
18 silly audit   minimist: [ '1.2.8' ],
18 silly audit   ms: [ '2.1.3' ],
18 silly audit   nanoid: [ '3.3.11' ],
18 silly audit   'napi-postinstall': [ '0.3.4' ],
18 silly audit   'natural-compare': [ '1.4.0' ],
18 silly audit   'node-exports-info': [ '1.6.0' ],
18 silly audit   'node-releases': [ '2.0.27' ],
18 silly audit   'object-assign': [ '4.1.1' ],
18 silly audit   'object-inspect': [ '1.13.4' ],
18 silly audit   'object-keys': [ '1.1.1' ],
18 silly audit   'object.assign': [ '4.1.7' ],
18 silly audit   'object.entries': [ '1.1.9' ],
18 silly audit   'object.fromentries': [ '2.0.8' ],
18 silly audit   'object.groupby': [ '1.0.3' ],
18 silly audit   'object.values': [ '1.2.1' ],
18 silly audit   optionator: [ '0.9.4' ],
18 silly audit   'own-keys': [ '1.0.1' ],
18 silly audit   'p-limit': [ '3.1.0' ],
18 silly audit   'p-locate': [ '5.0.0' ],
18 silly audit   'parent-module': [ '1.0.1' ],
18 silly audit   'path-exists': [ '4.0.0' ],
18 silly audit   'path-key': [ '3.1.1' ],
18 silly audit   'path-parse': [ '1.0.7' ],
18 silly audit   picocolors: [ '1.1.1' ],
18 silly audit   picomatch: [ '4.0.3', '2.3.1' ],
18 silly audit   'possible-typed-array-names': [ '1.1.0' ],
18 silly audit   postcss: [ '8.5.6' ],
18 silly audit   'prelude-ls': [ '1.2.1' ],
18 silly audit   prettier: [ '3.8.1' ],
18 silly audit   'prettier-plugin-tailwindcss': [ '0.6.14' ],
18 silly audit   'prop-types': [ '15.8.1' ],
18 silly audit   'proxy-from-env': [ '1.1.0' ],
18 silly audit   punycode: [ '2.3.1' ],
18 silly audit   qs: [ '6.15.0' ],
18 silly audit   react: [ '19.2.4' ],
18 silly audit   'react-dom': [ '19.2.4' ],
18 silly audit   'react-is': [ '16.13.1' ],
18 silly audit   'react-refresh': [ '0.18.0' ],
18 silly audit   'react-remove-scroll': [ '2.7.2' ],
18 silly audit   'react-remove-scroll-bar': [ '2.3.8' ],
18 silly audit   'react-style-singleton': [ '2.2.3' ],
18 silly audit   'reflect.getprototypeof': [ '1.0.10' ],
18 silly audit   'regexp.prototype.flags': [ '1.5.4' ],
18 silly audit   'require-directory': [ '2.1.1' ],
18 silly audit   'resolve-from': [ '4.0.0' ],
18 silly audit   'resolve-pkg-maps': [ '1.0.0' ],
18 silly audit   rollup: [ '4.59.0' ],
18 silly audit   rxjs: [ '7.8.2' ],
18 silly audit   'safe-array-concat': [ '1.1.3' ],
18 silly audit   'safe-push-apply': [ '1.0.0' ],
18 silly audit   'safe-regex-test': [ '1.1.0' ],
18 silly audit   scheduler: [ '0.27.0' ],
18 silly audit   'set-function-length': [ '1.2.2' ],
18 silly audit   'set-function-name': [ '2.0.2' ],
18 silly audit   'set-proto': [ '1.0.0' ],
18 silly audit   'shebang-command': [ '2.0.0' ],
18 silly audit   'shebang-regex': [ '3.0.0' ],
18 silly audit   'shell-quote': [ '1.8.3' ],
18 silly audit   'side-channel': [ '1.1.0' ],
18 silly audit   'side-channel-list': [ '1.0.0' ],
18 silly audit   'side-channel-map': [ '1.0.1' ],
18 silly audit   'side-channel-weakmap': [ '1.0.2' ],
18 silly audit   'source-map-js': [ '1.2.1' ],
18 silly audit   'stable-hash-x': [ '0.2.0' ],
18 silly audit   'stop-iteration-iterator': [ '1.1.0' ],
18 silly audit   'string-width': [ '4.2.3' ],
18 silly audit   'string.prototype.matchall': [ '4.0.12' ],
18 silly audit   'string.prototype.repeat': [ '1.0.0' ],
18 silly audit   'string.prototype.trim': [ '1.2.10' ],
18 silly audit   'string.prototype.trimend': [ '1.0.9' ],
18 silly audit   'string.prototype.trimstart': [ '1.0.8' ],
18 silly audit   'strip-ansi': [ '6.0.1' ],
18 silly audit   'strip-bom': [ '3.0.0' ],
18 silly audit   'strip-json-comments': [ '3.1.1' ],
18 silly audit   'supports-preserve-symlinks-flag': [ '1.0.0' ],
18 silly audit   tabbable: [ '6.4.0' ],
18 silly audit   'tailwind-merge': [ '3.5.0' ],
18 silly audit   tailwindcss: [ '4.2.1' ],
18 silly audit   tapable: [ '2.3.0' ],
18 silly audit   tinyglobby: [ '0.2.15' ],
18 silly audit   'tree-kill': [ '1.2.2' ],
18 silly audit   'ts-api-utils': [ '2.4.0' ],
18 silly audit   'tsconfig-paths': [ '3.15.0' ],
18 silly audit   tslib: [ '2.8.1' ],
18 silly audit   'tw-animate-css': [ '1.4.0' ],
18 silly audit   'type-check': [ '0.4.0' ],
18 silly audit   'typed-array-buffer': [ '1.0.3' ],
18 silly audit   'typed-array-byte-length': [ '1.0.3' ],
18 silly audit   'typed-array-byte-offset': [ '1.0.4' ],
18 silly audit   'typed-array-length': [ '1.0.7' ],
18 silly audit   typescript: [ '5.9.3' ],
18 silly audit   'typescript-eslint': [ '8.56.1' ],
18 silly audit   'unbox-primitive': [ '1.1.0' ],
18 silly audit   'undici-types': [ '6.21.0' ],
18 silly audit   'unrs-resolver': [ '1.11.1' ],
18 silly audit   'update-browserslist-db': [ '1.2.3' ],
18 silly audit   'uri-js': [ '4.4.1' ],
18 silly audit   'use-callback-ref': [ '1.3.3' ],
18 silly audit   'use-sidecar': [ '1.1.3' ],
18 silly audit   'use-sync-external-store': [ '1.6.0' ],
18 silly audit   vite: [ '7.3.1' ],
18 silly audit   'vite-plugin-full-reload': [ '1.2.0' ],
18 silly audit   which: [ '2.0.2' ],
18 silly audit   'which-boxed-primitive': [ '1.1.1' ],
18 silly audit   'which-builtin-type': [ '1.2.1' ],
18 silly audit   'which-collection': [ '1.0.2' ],
18 silly audit   'which-typed-array': [ '1.1.20' ],
18 silly audit   'word-wrap': [ '1.2.5' ],
18 silly audit   'wrap-ansi': [ '7.0.0' ],
18 silly audit   y18n: [ '5.0.8' ],
18 silly audit   yallist: [ '3.1.1' ],
18 silly audit   yargs: [ '17.7.2' ],
18 silly audit   'yargs-parser': [ '21.1.1' ],
18 silly audit   'yocto-queue': [ '0.1.0' ],
18 silly audit   zod: [ '4.3.6' ],
18 silly audit   'zod-validation-error': [ '4.0.2' ]
18 silly audit }
19 http cache lightningcss-linux-x64-musl@https://registry.npmjs.org/lightningcss-linux-x64-musl/-/lightningcss-linux-x64-musl-1.31.1.tgz 0ms (cache hit)
20 http cache @unrs/resolver-binding-linux-x64-musl@https://registry.npmjs.org/@unrs/resolver-binding-linux-x64-musl/-/resolver-binding-linux-x64-musl-1.11.1.tgz 0ms (cache hit)
21 http cache @rollup/rollup-linux-x64-musl@https://registry.npmjs.org/@rollup/rollup-linux-x64-musl/-/rollup-linux-x64-musl-4.59.0.tgz 0ms (cache hit)
22 http cache @tailwindcss/oxide-linux-x64-musl@https://registry.npmjs.org/@tailwindcss/oxide-linux-x64-musl/-/oxide-linux-x64-musl-4.2.1.tgz 0ms (cache hit)
23 silly tarball no local data for lightningcss-linux-x64-musl@https://registry.npmjs.org/lightningcss-linux-x64-musl/-/lightningcss-linux-x64-musl-1.31.1.tgz. Extracting by manifest.
24 silly tarball no local data for @unrs/resolver-binding-linux-x64-musl@https://registry.npmjs.org/@unrs/resolver-binding-linux-x64-musl/-/resolver-binding-linux-x64-musl-1.11.1.tgz. Extracting by manifest.
25 silly tarball no local data for @rollup/rollup-linux-x64-musl@https://registry.npmjs.org/@rollup/rollup-linux-x64-musl/-/rollup-linux-x64-musl-4.59.0.tgz. Extracting by manifest.
26 silly tarball no local data for @tailwindcss/oxide-linux-x64-musl@https://registry.npmjs.org/@tailwindcss/oxide-linux-x64-musl/-/oxide-linux-x64-musl-4.2.1.tgz. Extracting by manifest.
27 http fetch POST 200 https://registry.npmjs.org/-/npm/v1/security/advisories/bulk 275ms
28 silly audit report {}
29 http fetch GET 200 https://registry.npmjs.org/lightningcss-linux-x64-musl/-/lightningcss-linux-x64-musl-1.31.1.tgz 561ms (cache miss)
30 http fetch GET 200 https://registry.npmjs.org/@rollup/rollup-linux-x64-musl/-/rollup-linux-x64-musl-4.59.0.tgz 776ms (cache miss)
31 http fetch GET 200 https://registry.npmjs.org/@unrs/resolver-binding-linux-x64-musl/-/resolver-binding-linux-x64-musl-1.11.1.tgz 801ms (cache miss)
32 http fetch GET 200 https://registry.npmjs.org/@tailwindcss/oxide-linux-x64-musl/-/oxide-linux-x64-musl-4.2.1.tgz 2038ms (cache miss)
33 silly ADD node_modules/lightningcss-linux-x64-musl
34 silly ADD node_modules/@unrs/resolver-binding-linux-x64-musl
35 silly ADD node_modules/@tailwindcss/oxide-linux-x64-musl
36 silly ADD node_modules/@rollup/rollup-linux-x64-musl
37 verbose cwd /home/bobbi/personal/portfolio
38 verbose os Linux 6.18.9-arch1-2
39 verbose node v22.22.0
40 verbose npm  v11.10.1
41 verbose exit 0
42 info ok
