0 verbose cli /usr/bin/node /usr/bin/npm
1 info using npm@11.13.0
2 info using node@v22.22.2
3 silly config load:file:/usr/lib/node_modules/npm/npmrc
4 silly config load:file:/home/bobbi/.npmrc
5 silly config load:file:/etc/npmrc
6 verbose title npm list
7 verbose argv "list" "--global" "--depth" "0" "--json"
8 verbose logfile logs-max:10 dir:/home/bobbi/.npm/_logs/2026-05-01T10_23_32_250Z-
9 verbose logfile /home/bobbi/.npm/_logs/2026-05-01T10_23_32_250Z-debug-0.log
10 silly packumentCache heap:4345298944 maxSize:1086324736 maxEntrySize:543162368
11 silly logfile start cleaning logs, removing 1 files
12 silly logfile done cleaning log files
13 http fetch GET 200 https://registry.npmjs.org/npm 172ms
14 verbose cwd /home/bobbi/.dotfiles
15 verbose os Linux 6.19.14-arch1-1
16 verbose node v22.22.2
17 verbose npm  v11.13.0
18 verbose exit 0
19 info ok
