0 verbose cli /usr/bin/node /usr/bin/npm
1 info using npm@11.13.0
2 info using node@v22.22.2
3 silly config load:file:/usr/lib/node_modules/npm/npmrc
4 silly config load:file:/home/bobbi/.local/share/nvim/mason/staging/pyright/.npmrc
5 silly config load:file:/home/bobbi/.npmrc
6 silly config load:file:/etc/npmrc
7 verbose title npm install pyright@1.1.409
8 verbose argv "install" "pyright@1.1.409"
9 verbose logfile logs-max:10 dir:/home/bobbi/.npm/_logs/2026-05-01T10_28_04_212Z-
10 verbose logfile /home/bobbi/.npm/_logs/2026-05-01T10_28_04_212Z-debug-0.log
11 silly logfile start cleaning logs, removing 2 files
12 silly packumentCache heap:4345298944 maxSize:1086324736 maxEntrySize:543162368
13 silly logfile done cleaning log files
14 silly idealTree buildDeps
15 silly fetch manifest pyright@1.1.409
16 silly packumentCache full:https://registry.npmjs.org/pyright cache-miss
17 http fetch GET 200 https://registry.npmjs.org/pyright 698ms (cache updated)
18 silly packumentCache full:https://registry.npmjs.org/pyright set size:undefined disposed:false
19 silly placeDep ROOT pyright@1.1.409 OK for: @mason/pyright@1.0.0 want: 1.1.409
20 silly fetch manifest fsevents@~2.3.3
21 silly packumentCache full:https://registry.npmjs.org/fsevents cache-miss
22 http fetch GET 200 https://registry.npmjs.org/fsevents 38ms (cache revalidated)
23 silly packumentCache full:https://registry.npmjs.org/fsevents set size:182472 disposed:false
24 silly placeDep node_modules/pyright fsevents@2.3.3 OK for: pyright@1.1.409 want: ~2.3.3
25 silly reify moves {}
26 silly audit bulk request { pyright: [ '1.1.409' ], fsevents: [ '2.3.3' ] }
27 http cache pyright@https://registry.npmjs.org/pyright/-/pyright-1.1.409.tgz 0ms (cache hit)
28 silly tarball no local data for pyright@https://registry.npmjs.org/pyright/-/pyright-1.1.409.tgz. Extracting by manifest.
29 http fetch POST 200 https://registry.npmjs.org/-/npm/v1/security/advisories/bulk 264ms
30 silly audit report {}
31 http fetch GET 200 https://registry.npmjs.org/pyright/-/pyright-1.1.409.tgz 3021ms (cache miss)
32 silly ADD node_modules/pyright
33 verbose cwd /home/bobbi/.local/share/nvim/mason/staging/pyright
34 verbose os Linux 6.19.14-arch1-1
35 verbose node v22.22.2
36 verbose npm  v11.13.0
37 verbose exit 0
38 info ok
