0 verbose cli /usr/bin/node /usr/lib/node_modules/npm/bin/npm-cli.js
1 info using npm@11.10.1
2 info using node@v22.22.0
3 silly config load:file:/usr/lib/node_modules/npm/npmrc
4 silly config load:file:/home/bobbi/personal/portfolio/.npmrc
5 silly config load:file:/home/bobbi/.npmrc
6 silly config load:file:/etc/npmrc
7 verbose title npm exec concurrently -c #93c5fd,#c4b5fd,#fb7185,#fdba74 php artisan serve php artisan queue:listen --tries=1 --timeout=0 php artisan pail --timeout=0 npm run dev --names=server,queue,logs,vite --kill-others
8 verbose argv "exec" "--" "concurrently" "-c" "#93c5fd,#c4b5fd,#fb7185,#fdba74" "php artisan serve" "php artisan queue:listen --tries=1 --timeout=0" "php artisan pail --timeout=0" "npm run dev" "--names=server,queue,logs,vite" "--kill-others"
9 verbose logfile logs-max:10 dir:/home/bobbi/.npm/_logs/2026-02-27T23_17_37_943Z-
10 verbose logfile /home/bobbi/.npm/_logs/2026-02-27T23_17_37_943Z-debug-0.log
11 warn Unknown project config "public-hoist-pattern". This will stop working in the next major version of npm. See `npm help npmrc` for supported config options.
12 silly logfile start cleaning logs, removing 1 files
13 silly logfile done cleaning log files
14 verbose cwd /home/bobbi/personal/portfolio
15 verbose os Linux 6.18.9-arch1-2
16 verbose node v22.22.0
17 verbose npm  v11.10.1
18 verbose exit 0
19 info ok
